Archive member included to satisfy reference by file (symbol)

D:/ST/STM32CubeIDE_1.14.0/STM32CubeIDE/plugins/com.st.stm32cube.ide.mcu.externaltools.gnu-tools-for-stm32.11.3.rel1.win32_1.1.100.202309141235/tools/bin/../lib/gcc/arm-none-eabi/11.3.1/../../../../arm-none-eabi/lib/thumb/v7e-m/nofp\libc_nano.a(libc_a-exit.o)
                              D:/ST/STM32CubeIDE_1.14.0/STM32CubeIDE/plugins/com.st.stm32cube.ide.mcu.externaltools.gnu-tools-for-stm32.11.3.rel1.win32_1.1.100.202309141235/tools/bin/../lib/gcc/arm-none-eabi/11.3.1/../../../../arm-none-eabi/lib/thumb/v7e-m/nofp/crt0.o (exit)
D:/ST/STM32CubeIDE_1.14.0/STM32CubeIDE/plugins/com.st.stm32cube.ide.mcu.externaltools.gnu-tools-for-stm32.11.3.rel1.win32_1.1.100.202309141235/tools/bin/../lib/gcc/arm-none-eabi/11.3.1/../../../../arm-none-eabi/lib/thumb/v7e-m/nofp\libc_nano.a(libc_a-findfp.o)
                              D:/ST/STM32CubeIDE_1.14.0/STM32CubeIDE/plugins/com.st.stm32cube.ide.mcu.externaltools.gnu-tools-for-stm32.11.3.rel1.win32_1.1.100.202309141235/tools/bin/../lib/gcc/arm-none-eabi/11.3.1/../../../../arm-none-eabi/lib/thumb/v7e-m/nofp\libc_nano.a(libc_a-exit.o) (__stdio_exit_handler)
D:/ST/STM32CubeIDE_1.14.0/STM32CubeIDE/plugins/com.st.stm32cube.ide.mcu.externaltools.gnu-tools-for-stm32.11.3.rel1.win32_1.1.100.202309141235/tools/bin/../lib/gcc/arm-none-eabi/11.3.1/../../../../arm-none-eabi/lib/thumb/v7e-m/nofp\libc_nano.a(libc_a-fwalk.o)
                              D:/ST/STM32CubeIDE_1.14.0/STM32CubeIDE/plugins/com.st.stm32cube.ide.mcu.externaltools.gnu-tools-for-stm32.11.3.rel1.win32_1.1.100.202309141235/tools/bin/../lib/gcc/arm-none-eabi/11.3.1/../../../../arm-none-eabi/lib/thumb/v7e-m/nofp\libc_nano.a(libc_a-findfp.o) (_fwalk_sglue)
D:/ST/STM32CubeIDE_1.14.0/STM32CubeIDE/plugins/com.st.stm32cube.ide.mcu.externaltools.gnu-tools-for-stm32.11.3.rel1.win32_1.1.100.202309141235/tools/bin/../lib/gcc/arm-none-eabi/11.3.1/../../../../arm-none-eabi/lib/thumb/v7e-m/nofp\libc_nano.a(libc_a-stdio.o)
                              D:/ST/STM32CubeIDE_1.14.0/STM32CubeIDE/plugins/com.st.stm32cube.ide.mcu.externaltools.gnu-tools-for-stm32.11.3.rel1.win32_1.1.100.202309141235/tools/bin/../lib/gcc/arm-none-eabi/11.3.1/../../../../arm-none-eabi/lib/thumb/v7e-m/nofp\libc_nano.a(libc_a-findfp.o) (__sread)
D:/ST/STM32CubeIDE_1.14.0/STM32CubeIDE/plugins/com.st.stm32cube.ide.mcu.externaltools.gnu-tools-for-stm32.11.3.rel1.win32_1.1.100.202309141235/tools/bin/../lib/gcc/arm-none-eabi/11.3.1/../../../../arm-none-eabi/lib/thumb/v7e-m/nofp\libc_nano.a(libc_a-memset.o)
                              D:/ST/STM32CubeIDE_1.14.0/STM32CubeIDE/plugins/com.st.stm32cube.ide.mcu.externaltools.gnu-tools-for-stm32.11.3.rel1.win32_1.1.100.202309141235/tools/bin/../lib/gcc/arm-none-eabi/11.3.1/../../../../arm-none-eabi/lib/thumb/v7e-m/nofp/crt0.o (memset)
D:/ST/STM32CubeIDE_1.14.0/STM32CubeIDE/plugins/com.st.stm32cube.ide.mcu.externaltools.gnu-tools-for-stm32.11.3.rel1.win32_1.1.100.202309141235/tools/bin/../lib/gcc/arm-none-eabi/11.3.1/../../../../arm-none-eabi/lib/thumb/v7e-m/nofp\libc_nano.a(libc_a-closer.o)
                              D:/ST/STM32CubeIDE_1.14.0/STM32CubeIDE/plugins/com.st.stm32cube.ide.mcu.externaltools.gnu-tools-for-stm32.11.3.rel1.win32_1.1.100.202309141235/tools/bin/../lib/gcc/arm-none-eabi/11.3.1/../../../../arm-none-eabi/lib/thumb/v7e-m/nofp\libc_nano.a(libc_a-stdio.o) (_close_r)
D:/ST/STM32CubeIDE_1.14.0/STM32CubeIDE/plugins/com.st.stm32cube.ide.mcu.externaltools.gnu-tools-for-stm32.11.3.rel1.win32_1.1.100.202309141235/tools/bin/../lib/gcc/arm-none-eabi/11.3.1/../../../../arm-none-eabi/lib/thumb/v7e-m/nofp\libc_nano.a(libc_a-reent.o)
                              D:/ST/STM32CubeIDE_1.14.0/STM32CubeIDE/plugins/com.st.stm32cube.ide.mcu.externaltools.gnu-tools-for-stm32.11.3.rel1.win32_1.1.100.202309141235/tools/bin/../lib/gcc/arm-none-eabi/11.3.1/../../../../arm-none-eabi/lib/thumb/v7e-m/nofp\libc_nano.a(libc_a-closer.o) (errno)
D:/ST/STM32CubeIDE_1.14.0/STM32CubeIDE/plugins/com.st.stm32cube.ide.mcu.externaltools.gnu-tools-for-stm32.11.3.rel1.win32_1.1.100.202309141235/tools/bin/../lib/gcc/arm-none-eabi/11.3.1/../../../../arm-none-eabi/lib/thumb/v7e-m/nofp\libc_nano.a(libc_a-impure.o)
                              D:/ST/STM32CubeIDE_1.14.0/STM32CubeIDE/plugins/com.st.stm32cube.ide.mcu.externaltools.gnu-tools-for-stm32.11.3.rel1.win32_1.1.100.202309141235/tools/bin/../lib/gcc/arm-none-eabi/11.3.1/../../../../arm-none-eabi/lib/thumb/v7e-m/nofp\libc_nano.a(libc_a-reent.o) (_impure_ptr)
D:/ST/STM32CubeIDE_1.14.0/STM32CubeIDE/plugins/com.st.stm32cube.ide.mcu.externaltools.gnu-tools-for-stm32.11.3.rel1.win32_1.1.100.202309141235/tools/bin/../lib/gcc/arm-none-eabi/11.3.1/../../../../arm-none-eabi/lib/thumb/v7e-m/nofp\libc_nano.a(libc_a-lseekr.o)
[...]
Memory Configuration

Name             Origin             Length             Attributes
CCMRAM           0x0000000010000000 0x0000000000010000 xrw
RAM              0x0000000020000000 0x0000000000020000 xrw
FLASH            0x0000000008000000 0x0000000000100000 xr
*default*        0x0000000000000000 0xffffffffffffffff

Linker script and memory map

LOAD D:/ST/STM32CubeIDE_1.14.0/STM32CubeIDE/plugins/com.st.stm32cube.ide.mcu.externaltools.gnu-tools-for-stm32.11.3.rel1.win32_1.1.100.202309141235/tools/bin/../lib/gcc/arm-none-eabi/11.3.1/thumb/v7e-m/nofp/crti.o
LOAD D:/ST/STM32CubeIDE_1.14.0/STM32CubeIDE/plugins/com.st.stm32cube.ide.mcu.externaltools.gnu-tools-for-stm32.11.3.rel1.win32_1.1.100.202309141235/tools/bin/../lib/gcc/arm-none-eabi/11.3.1/thumb/v7e-m/nofp/crtbegin.o
LOAD D:/ST/STM32CubeIDE_1.14.0/STM32CubeIDE/plugins/com.st.stm32cube.ide.mcu.externaltools.gnu-tools-for-stm32.11.3.rel1.win32_1.1.100.202309141235/tools/bin/../lib/gcc/arm-none-eabi/11.3.1/../../../../arm-none-eabi/lib/thumb/v7e-m/nofp/crt0.o
LOAD ./Driver/Src/debug_handler.o
LOAD ./Driver/Src/get_register_data.o
LOAD ./Driver/Src/gpio.o
LOAD ./Driver/Src/memory_dump.o
LOAD ./Driver/Src/peripheral_clock.o
LOAD ./Driver/Src/uart.o
LOAD ./Src/main.o
LOAD ./Src/syscalls.o
LOAD ./Src/sysmem.o
LOAD ./Startup/startup_stm32f407vgtx.o
START GROUP
LOAD D:/ST/STM32CubeIDE_1.14.0/STM32CubeIDE/plugins/com.st.stm32cube.ide.mcu.externaltools.gnu-tools-for-stm32.11.3.rel1.win32_1.1.100.202309141235/tools/bin/../lib/gcc/arm-none-eabi/11.3.1/../../../../arm-none-eabi/lib/thumb/v7e-m/nofp\libc_nano.a
LOAD D:/ST/STM32CubeIDE_1.14.0/STM32CubeIDE/plugins/com.st.stm32cube.ide.mcu.externaltools.gnu-tools-for-stm32.11.3.rel1.win32_1.1.100.202309141235/tools/bin/../lib/gcc/arm-none-eabi/11.3.1/../../../../arm-none-eabi/lib/thumb/v7e-m/nofp\libm.a
END GROUP
START GROUP
LOAD D:/ST/STM32CubeIDE_1.14.0/STM32CubeIDE/plugins/com.st.stm32cube.ide.mcu.externaltools.gnu-tools-for-stm32.11.3.rel1.win32_1.1.100.202309141235/tools/bin/../lib/gcc/arm-none-eabi/11.3.1/thumb/v7e-m/nofp\libgcc.a
LOAD D:/ST/STM32CubeIDE_1.14.0/STM32CubeIDE/plugins/com.st.stm32cube.ide.mcu.externaltools.gnu-tools-for-stm32.11.3.rel1.win32_1.1.100.202309141235/tools/bin/../lib/gcc/arm-none-eabi/11.3.1/../../../../arm-none-eabi/lib/thumb/v7e-m/nofp\libc_nano.a
END GROUP
START GROUP
LOAD D:/ST/STM32CubeIDE_1.14.0/STM32CubeIDE/plugins/com.st.stm32cube.ide.mcu.externaltools.gnu-tools-for-stm32.11.3.rel1.win32_1.1.100.202309141235/tools/bin/../lib/gcc/arm-none-eabi/11.3.1/thumb/v7e-m/nofp\libgcc.a
LOAD D:/ST/STM32CubeIDE_1.14.0/STM32CubeIDE/plugins/com.st.stm32cube.ide.mcu.externaltools.gnu-tools-for-stm32.11.3.rel1.win32_1.1.100.202309141235/tools/bin/../lib/gcc/arm-none-eabi/11.3.1/../../../../arm-none-eabi/lib/thumb/v7e-m/nofp\libc_nano.a
LOAD D:/ST/STM32CubeIDE_1.14.0/STM32CubeIDE/plugins/com.st.stm32cube.ide.mcu.externaltools.gnu-tools-for-stm32.11.3.rel1.win32_1.1.100.202309141235/tools/bin/../lib/gcc/arm-none-eabi/11.3.1/../../../../arm-none-eabi/lib/thumb/v7e-m/nofp\libnosys.a
END GROUP
START GROUP
LOAD D:/ST/STM32CubeIDE_1.14.0/STM32CubeIDE/plugins/com.st.stm32cube.ide.mcu.externaltools.gnu-tools-for-stm32.11.3.rel1.win32_1.1.100.202309141235/tools/bin/../lib/gcc/arm-none-eabi/11.3.1/thumb/v7e-m/nofp\libgcc.a
LOAD D:/ST/STM32CubeIDE_1.14.0/STM32CubeIDE/plugins/com.st.stm32cube.ide.mcu.externaltools.gnu-tools-for-stm32.11.3.rel1.win32_1.1.100.202309141235/tools/bin/../lib/gcc/arm-none-eabi/11.3.1/../../../../arm-none-eabi/lib/thumb/v7e-m/nofp\libc_nano.a
LOAD D:/ST/STM32CubeIDE_1.14.0/STM32CubeIDE/plugins/com.st.stm32cube.ide.mcu.externaltools.gnu-tools-for-stm32.11.3.rel1.win32_1.1.100.202309141235/tools/bin/../lib/gcc/arm-none-eabi/11.3.1/../../../../arm-none-eabi/lib/thumb/v7e-m/nofp\libnosys.a
END GROUP
LOAD D:/ST/STM32CubeIDE_1.14.0/STM32CubeIDE/plugins/com.st.stm32cube.ide.mcu.externaltools.gnu-tools-for-stm32.11.3.rel1.win32_1.1.100.202309141235/tools/bin/../lib/gcc/arm-none-eabi/11.3.1/thumb/v7e-m/nofp/crtend.o
LOAD D:/ST/STM32CubeIDE_1.14.0/STM32CubeIDE/plugins/com.st.stm32cube.ide.mcu.externaltools.gnu-tools-for-stm32.11.3.rel1.win32_1.1.100.202309141235/tools/bin/../lib/gcc/arm-none-eabi/11.3.1/thumb/v7e-m/nofp/crtn.o
                0x0000000020020000                _estack = (ORIGIN (RAM) + LENGTH (RAM))
                0x0000000000000200                _Min_Heap_Size = 0x200
                0x0000000000000400                _Min_Stack_Size = 0x400

.isr_vector     0x0000000008000000      0x188
                0x0000000008000000                . = ALIGN (0x4)
 *(.isr_vector)
 .isr_vector    0x0000000008000000      0x188 ./Startup/startup_stm32f407vgtx.o
                0x0000000008000000                g_pfnVectors
                0x0000000008000188                . = ALIGN (0x4)

.text           0x0000000008000188      0x8dc
                0x0000000008000188                . = ALIGN (0x4)
 *(.text)
 .text          0x0000000008000188       0x40 D:/ST/STM32CubeIDE_1.14.0/STM32CubeIDE/plugins/com.st.stm32cube.ide.mcu.externaltools.gnu-tools-for-stm32.11.3.rel1.win32_1.1.100.202309141235/tools/bin/../lib/gcc/arm-none-eabi/11.3.1/thumb/v7e-m/nofp/crtbegin.o
 *(.text*)
 .text.debug_handler
                0x00000000080001c8       0x5c ./Driver/Src/debug_handler.o
                0x00000000080001c8                debug_handler
 .text.get_MSP_data
                0x0000000008000224       0x1c ./Driver/Src/get_register_data.o
                0x0000000008000224                get_MSP_data
 .text.get_PSP_data
                0x0000000008000240       0x1c ./Driver/Src/get_register_data.o
                0x0000000008000240                get_PSP_data
 .text.get_CONTROL_data
                0x000000000800025c       0x1c ./Driver/Src/get_register_data.o
                0x000000000800025c                get_CONTROL_data
 .text.gpioA_init
                0x0000000008000278       0x8c ./Driver/Src/gpio.o
                0x0000000008000278                gpioA_init
 .text.usart_init
                0x0000000008000304       0x90 ./Driver/Src/gpio.o
                0x0000000008000304                usart_init
 .text.usart_set_baudrate
                0x0000000008000394       0xc4 ./Driver/Src/gpio.o
                0x0000000008000394                usart_set_baudrate
 .text.get_memory_dump
                0x0000000008000458      0x1a4 ./Driver/Src/memory_dump.o
                0x0000000008000458                get_memory_dump
 .text.get_pclk_value
                0x00000000080005fc       0xb0 ./Driver/Src/peripheral_clock.o
                0x00000000080005fc                get_pclk_value
 .text.RCC_GetPLL_Output_Clk
                0x00000000080006ac        0xc ./Driver/Src/peripheral_clock.o
                0x00000000080006ac                RCC_GetPLL_Output_Clk
 .text.usart_send_char
                0x00000000080006b8       0x3a ./Driver/Src/uart.o
                0x00000000080006b8                usart_send_char
 .text.usart_send_string
                0x00000000080006f2       0x2e ./Driver/Src/uart.o
                0x00000000080006f2                usart_send_string
 .text.usart_send_hex
                0x0000000008000720       0x70 ./Driver/Src/uart.o
                0x0000000008000720                usart_send_hex
 .text.enable_usart2_irq
                0x0000000008000790       0x18 ./Driver/Src/uart.o
                0x0000000008000790                enable_usart2_irq
 .text.USART2_IRQHandler
                0x00000000080007a8       0x34 ./Driver/Src/uart.o
                0x00000000080007a8                USART2_IRQHandler
 .text.sw_delay
                0x00000000080007dc       0x2c ./Src/main.o
                0x00000000080007dc                sw_delay
 .text.main     0x0000000008000808      0x1a8 ./Src/main.o
                0x0000000008000808                main
 .text.Reset_Handler
                0x00000000080009b0       0x50 ./Startup/startup_stm32f407vgtx.o
                0x00000000080009b0                Reset_Handler
 .text.Default_Handler
                0x0000000008000a00        0x2 ./Startup/startup_stm32f407vgtx.o
                0x0000000008000a00                RTC_Alarm_IRQHandler
                0x0000000008000a00                HASH_RNG_IRQHandler
                0x0000000008000a00                EXTI2_IRQHandler
                0x0000000008000a00                TIM8_CC_IRQHandler
                0x0000000008000a00                DebugMon_Handler
                0x0000000008000a00                TIM1_CC_IRQHandler
                0x0000000008000a00                DMA2_Stream5_IRQHandler
                0x0000000008000a00                HardFault_Handler
                0x0000000008000a00                DMA1_Stream5_IRQHandler
                0x0000000008000a00                SysTick_Handler
                0x0000000008000a00                PVD_IRQHandler
                0x0000000008000a00                SDIO_IRQHandler
                0x0000000008000a00                TAMP_STAMP_IRQHandler
                0x0000000008000a00                PendSV_Handler
                0x0000000008000a00                NMI_Handler
                0x0000000008000a00                CAN2_RX1_IRQHandler
                0x0000000008000a00                EXTI3_IRQHandler
                0x0000000008000a00                TIM8_TRG_COM_TIM14_IRQHandler
                0x0000000008000a00                TIM1_UP_TIM10_IRQHandler
                0x0000000008000a00                TIM8_UP_TIM13_IRQHandler
                0x0000000008000a00                I2C3_ER_IRQHandler
                0x0000000008000a00                EXTI0_IRQHandler
                0x0000000008000a00                I2C2_EV_IRQHandler
                0x0000000008000a00                DMA1_Stream2_IRQHandler
                0x0000000008000a00                CAN1_RX0_IRQHandler
                0x0000000008000a00                FPU_IRQHandler
                0x0000000008000a00                OTG_HS_WKUP_IRQHandler
                0x0000000008000a00                UsageFault_Handler
                0x0000000008000a00                CAN2_SCE_IRQHandler
                0x0000000008000a00                DMA2_Stream2_IRQHandler
                0x0000000008000a00                SPI1_IRQHandler
                0x0000000008000a00                TIM6_DAC_IRQHandler
                0x0000000008000a00                TIM1_BRK_TIM9_IRQHandler
                0x0000000008000a00                DCMI_IRQHandler
                0x0000000008000a00                CAN2_RX0_IRQHandler
                0x0000000008000a00                DMA2_Stream3_IRQHandler
                0x0000000008000a00                USART6_IRQHandler
                0x0000000008000a00                USART3_IRQHandler
                0x0000000008000a00                CRYP_IRQHandler
                0x0000000008000a00                CAN1_RX1_IRQHandler
                0x0000000008000a00                UART5_IRQHandler
                0x0000000008000a00                DMA2_Stream0_IRQHandler
                0x0000000008000a00                TIM4_IRQHandler
                0x0000000008000a00                I2C1_EV_IRQHandler
                0x0000000008000a00                DMA1_Stream6_IRQHandler
                0x0000000008000a00                DMA1_Stream1_IRQHandler
                0x0000000008000a00                UART4_IRQHandler
                0x0000000008000a00                TIM3_IRQHandler
                0x0000000008000a00                RCC_IRQHandler
                0x0000000008000a00                TIM8_BRK_TIM12_IRQHandler
                0x0000000008000a00                Default_Handler
                0x0000000008000a00                EXTI15_10_IRQHandler
                0x0000000008000a00                ADC_IRQHandler
                0x0000000008000a00                DMA1_Stream7_IRQHandler
                0x0000000008000a00                TIM7_IRQHandler
                0x0000000008000a00                CAN2_TX_IRQHandler
                0x0000000008000a00                TIM5_IRQHandler
                0x0000000008000a00                DMA2_Stream7_IRQHandler
                0x0000000008000a00                I2C3_EV_IRQHandler
                0x0000000008000a00                EXTI9_5_IRQHandler
                0x0000000008000a00                RTC_WKUP_IRQHandler
                0x0000000008000a00                ETH_WKUP_IRQHandler
                0x0000000008000a00                SPI2_IRQHandler
                0x0000000008000a00                OTG_HS_EP1_IN_IRQHandler
                0x0000000008000a00                MemManage_Handler
                0x0000000008000a00                DMA1_Stream0_IRQHandler
                0x0000000008000a00                CAN1_TX_IRQHandler
                0x0000000008000a00                SVC_Handler
                0x0000000008000a00                EXTI4_IRQHandler
                0x0000000008000a00                FSMC_IRQHandler
                0x0000000008000a00                ETH_IRQHandler
                0x0000000008000a00                OTG_HS_EP1_OUT_IRQHandler
                0x0000000008000a00                WWDG_IRQHandler
                0x0000000008000a00                TIM2_IRQHandler
                0x0000000008000a00                OTG_FS_WKUP_IRQHandler
                0x0000000008000a00                TIM1_TRG_COM_TIM11_IRQHandler
                0x0000000008000a00                OTG_HS_IRQHandler
                0x0000000008000a00                EXTI1_IRQHandler
                0x0000000008000a00                I2C2_ER_IRQHandler
                0x0000000008000a00                DMA2_Stream1_IRQHandler
                0x0000000008000a00                CAN1_SCE_IRQHandler
                0x0000000008000a00                DMA2_Stream4_IRQHandler
                0x0000000008000a00                BusFault_Handler
                0x0000000008000a00                USART1_IRQHandler
                0x0000000008000a00                OTG_FS_IRQHandler
                0x0000000008000a00                SPI3_IRQHandler
                0x0000000008000a00                DMA1_Stream4_IRQHandler
                0x0000000008000a00                I2C1_ER_IRQHandler
                0x0000000008000a00                DMA2_Stream6_IRQHandler
                0x0000000008000a00                DMA1_Stream3_IRQHandler
 *fill*         0x0000000008000a02        0x2 
 .text.__libc_init_array
                0x0000000008000a04       0x48 D:/ST/STM32CubeIDE_1.14.0/STM32CubeIDE/plugins/com.st.stm32cube.ide.mcu.externaltools.gnu-tools-for-stm32.11.3.rel1.win32_1.1.100.202309141235/tools/bin/../lib/gcc/arm-none-eabi/11.3.1/../../../../arm-none-eabi/lib/thumb/v7e-m/nofp\libc_nano.a(libc_a-init.o)
                0x0000000008000a04                __libc_init_array
 *(.glue_7)
 .glue_7        0x0000000008000a4c        0x0 linker stubs
 *(.glue_7t)
 .glue_7t       0x0000000008000a4c        0x0 linker stubs
 *(.eh_frame)
 .eh_frame      0x0000000008000a4c        0x0 D:/ST/STM32CubeIDE_1.14.0/STM32CubeIDE/plugins/com.st.stm32cube.ide.mcu.externaltools.gnu-tools-for-stm32.11.3.rel1.win32_1.1.100.202309141235/tools/bin/../lib/gcc/arm-none-eabi/11.3.1/thumb/v7e-m/nofp/crtbegin.o
 *(.init)
 .init          0x0000000008000a4c        0x4 D:/ST/STM32CubeIDE_1.14.0/STM32CubeIDE/plugins/com.st.stm32cube.ide.mcu.externaltools.gnu-tools-for-stm32.11.3.rel1.win32_1.1.100.202309141235/tools/bin/../lib/gcc/arm-none-eabi/11.3.1/thumb/v7e-m/nofp/crti.o
                0x0000000008000a4c                _init
 .init          0x0000000008000a50        0x8 D:/ST/STM32CubeIDE_1.14.0/STM32CubeIDE/plugins/com.st.stm32cube.ide.mcu.externaltools.gnu-tools-for-stm32.11.3.rel1.win32_1.1.100.202309141235/tools/bin/../lib/gcc/arm-none-eabi/11.3.1/thumb/v7e-m/nofp/crtn.o
 *(.fini)
 .fini          0x0000000008000a58        0x4 D:/ST/STM32CubeIDE_1.14.0/STM32CubeIDE/plugins/com.st.stm32cube.ide.mcu.externaltools.gnu-tools-for-stm32.11.3.rel1.win32_1.1.100.202309141235/tools/bin/../lib/gcc/arm-none-eabi/11.3.1/thumb/v7e-m/nofp/crti.o
                0x0000000008000a58                _fini
 .fini          0x0000000008000a5c        0x8 D:/ST/STM32CubeIDE_1.14.0/STM32CubeIDE/plugins/com.st.stm32cube.ide.mcu.externaltools.gnu-tools-for-stm32.11.3.rel1.win32_1.1.100.202309141235/tools/bin/../lib/gcc/arm-none-eabi/11.3.1/thumb/v7e-m/nofp/crtn.o
                0x0000000008000a64                . = ALIGN (0x4)
                0x0000000008000a64                _etext = .

.vfp11_veneer   0x0000000008000a64        0x0
 .vfp11_veneer  0x0000000008000a64        0x0 linker stubs

.v4_bx          0x0000000008000a64        0x0
 .v4_bx         0x0000000008000a64        0x0 linker stubs

.iplt           0x0000000008000a64        0x0
 .iplt          0x0000000008000a64        0x0 D:/ST/STM32CubeIDE_1.14.0/STM32CubeIDE/plugins/com.st.stm32cube.ide.mcu.externaltools.gnu-tools-for-stm32.11.3.rel1.win32_1.1.100.202309141235/tools/bin/../lib/gcc/arm-none-eabi/11.3.1/thumb/v7e-m/nofp/crtbegin.o

.rodata         0x0000000008000a64      0x234
                0x0000000008000a64                . = ALIGN (0x4)
 *(.rodata)
 .rodata        0x0000000008000a64       0x31 ./Driver/Src/debug_handler.o
 *fill*         0x0000000008000a95        0x3 
 .rodata        0x0000000008000a98       0x92 ./Driver/Src/memory_dump.o
 *fill*         0x0000000008000b2a        0x2 
 .rodata        0x0000000008000b2c        0x3 ./Driver/Src/uart.o
 *fill*         0x0000000008000b2f        0x1 
 .rodata        0x0000000008000b30      0x166 ./Src/main.o
 *(.rodata*)
                0x0000000008000c98                . = ALIGN (0x4)
 *fill*         0x0000000008000c96        0x2 

.rel.dyn        0x0000000008000c98        0x0
 .rel.iplt      0x0000000008000c98        0x0 D:/ST/STM32CubeIDE_1.14.0/STM32CubeIDE/plugins/com.st.stm32cube.ide.mcu.externaltools.gnu-tools-for-stm32.11.3.rel1.win32_1.1.100.202309141235/tools/bin/../lib/gcc/arm-none-eabi/11.3.1/thumb/v7e-m/nofp/crtbegin.o

.ARM.extab      0x0000000008000c98        0x0
                0x0000000008000c98                . = ALIGN (0x4)
 *(.ARM.extab* .gnu.linkonce.armextab.*)
                0x0000000008000c98                . = ALIGN (0x4)

.ARM            0x0000000008000c98        0x0
                0x0000000008000c98                . = ALIGN (0x4)
                0x0000000008000c98                __exidx_start = .
 *(.ARM.exidx*)
                0x0000000008000c98                __exidx_end = .
                0x0000000008000c98                . = ALIGN (0x4)

.preinit_array  0x0000000008000c98        0x0
                0x0000000008000c98                . = ALIGN (0x4)
                0x0000000008000c98                PROVIDE (__preinit_array_start = .)
 *(.preinit_array*)
                0x0000000008000c98                PROVIDE (__preinit_array_end = .)
                0x0000000008000c98                . = ALIGN (0x4)

.init_array     0x0000000008000c98        0x4
                0x0000000008000c98                . = ALIGN (0x4)
                0x0000000008000c98                PROVIDE (__init_array_start = .)
 *(SORT_BY_NAME(.init_array.*))
 *(.init_array*)
 .init_array    0x0000000008000c98        0x4 D:/ST/STM32CubeIDE_1.14.0/STM32CubeIDE/plugins/com.st.stm32cube.ide.mcu.externaltools.gnu-tools-for-stm32.11.3.rel1.win32_1.1.100.202309141235/tools/bin/../lib/gcc/arm-none-eabi/11.3.1/thumb/v7e-m/nofp/crtbegin.o
                0x0000000008000c9c                PROVIDE (__init_array_end = .)
                0x0000000008000c9c                . = ALIGN (0x4)

.fini_array     0x0000000008000c9c        0x4
                0x0000000008000c9c                . = ALIGN (0x4)
                [!provide]                        PROVIDE (__fini_array_start = .)
 *(SORT_BY_NAME(.fini_array.*))
 *(.fini_array*)
 .fini_array    0x0000000008000c9c        0x4 D:/ST/STM32CubeIDE_1.14.0/STM32CubeIDE/plugins/com.st.stm32cube.ide.mcu.externaltools.gnu-tools-for-stm32.11.3.rel1.win32_1.1.100.202309141235/tools/bin/../lib/gcc/arm-none-eabi/11.3.1/thumb/v7e-m/nofp/crtbegin.o
                [!provide]                        PROVIDE (__fini_array_end = .)
                0x0000000008000ca0                . = ALIGN (0x4)
                0x0000000008000ca0                _sidata = LOADADDR (.data)

.data           0x0000000020000000       0x18 load address 0x0000000008000ca0
                0x0000000020000000                . = ALIGN (0x4)
                0x0000000020000000                _sdata = .
 *(.data)
 *(.data*)
 .data.pUsart   0x0000000020000000        0x4 ./Driver/Src/memory_dump.o
                0x0000000020000000                pUsart
 .data.ahbp_array
                0x0000000020000004       0x10 ./Driver/Src/peripheral_clock.o
                0x0000000020000004                ahbp_array
 .data.apb1p_array
                0x0000000020000014        0x4 ./Driver/Src/peripheral_clock.o
                0x0000000020000014                apb1p_array
 *(.RamFunc)
 *(.RamFunc*)
                0x0000000020000018                . = ALIGN (0x4)
                0x0000000020000018                _edata = .
                0x0000000008000cb8                _siccmram = LOADADDR (.ccmram)

.igot.plt       0x0000000020000018        0x0 load address 0x0000000008000cb8
 .igot.plt      0x0000000020000018        0x0 D:/ST/STM32CubeIDE_1.14.0/STM32CubeIDE/plugins/com.st.stm32cube.ide.mcu.externaltools.gnu-tools-for-stm32.11.3.rel1.win32_1.1.100.202309141235/tools/bin/../lib/gcc/arm-none-eabi/11.3.1/thumb/v7e-m/nofp/crtbegin.o

.ccmram         0x0000000010000000        0x0 load address 0x0000000008000cb8
                0x0000000010000000                . = ALIGN (0x4)
                0x0000000010000000                _sccmram = .
 *(.ccmram)
 *(.ccmram*)
                0x0000000010000000                . = ALIGN (0x4)
                0x0000000010000000                _eccmram = .
                0x0000000010000000                . = ALIGN (0x4)

.bss            0x0000000020000018       0x20
                0x0000000020000018                _sbss = .
                0x0000000020000018                __bss_start__ = _sbss
 *(.bss)
 .bss           0x0000000020000018       0x1c D:/ST/STM32CubeIDE_1.14.0/STM32CubeIDE/plugins/com.st.stm32cube.ide.mcu.externaltools.gnu-tools-for-stm32.11.3.rel1.win32_1.1.100.202309141235/tools/bin/../lib/gcc/arm-none-eabi/11.3.1/thumb/v7e-m/nofp/crtbegin.o
 *(.bss*)
 .bss.current_state
                0x0000000020000034        0x1 ./Driver/Src/debug_handler.o
                0x0000000020000034                current_state
 *(COMMON)
                0x0000000020000038                . = ALIGN (0x4)
 *fill*         0x0000000020000035        0x3 
                0x0000000020000038                _ebss = .
                0x0000000020000038                __bss_end__ = _ebss

._user_heap_stack
                0x0000000020000038      0x600
                0x0000000020000038                . = ALIGN (0x8)
                [!provide]                        PROVIDE (end = .)
                0x0000000020000038                PROVIDE (_end = .)
                0x0000000020000238                . = (. + _Min_Heap_Size)
 *fill*         0x0000000020000038      0x200 
                0x0000000020000638                . = (. + _Min_Stack_Size)
 *fill*         0x0000000020000238      0x400 
                0x0000000020000638                . = ALIGN (0x8)

/DISCARD/
 libc.a(*)
 libm.a(*)
 libgcc.a(*)

.ARM.attributes
                0x0000000000000000       0x2a
 *(.ARM.attributes)
 .ARM.attributes
                0x0000000000000000       0x1e D:/ST/STM32CubeIDE_1.14.0/STM32CubeIDE/plugins/com.st.stm32cube.ide.mcu.externaltools.gnu-tools-for-stm32.11.3.rel1.win32_1.1.100.202309141235/tools/bin/../lib/gcc/arm-none-eabi/11.3.1/thumb/v7e-m/nofp/crti.o
 .ARM.attributes
                0x000000000000001e       0x2e D:/ST/STM32CubeIDE_1.14.0/STM32CubeIDE/plugins/com.st.stm32cube.ide.mcu.externaltools.gnu-tools-for-stm32.11.3.rel1.win32_1.1.100.202309141235/tools/bin/../lib/gcc/arm-none-eabi/11.3.1/thumb/v7e-m/nofp/crtbegin.o
 .ARM.attributes
                0x000000000000004c       0x2e ./Driver/Src/debug_handler.o
 .ARM.attributes
                0x000000000000007a       0x2e ./Driver/Src/get_register_data.o
 .ARM.attributes
                0x00000000000000a8       0x2e ./Driver/Src/gpio.o
 .ARM.attributes
                0x00000000000000d6       0x2e ./Driver/Src/memory_dump.o
 .ARM.attributes
                0x0000000000000104       0x2e ./Driver/Src/peripheral_clock.o
 .ARM.attributes
                0x0000000000000132       0x2e ./Driver/Src/uart.o
 .ARM.attributes
                0x0000000000000160       0x2e ./Src/main.o
 .ARM.attributes
                0x000000000000018e       0x21 ./Startup/startup_stm32f407vgtx.o
 .ARM.attributes
                0x00000000000001af       0x2e D:/ST/STM32CubeIDE_1.14.0/STM32CubeIDE/plugins/com.st.stm32cube.ide.mcu.externaltools.gnu-tools-for-stm32.11.3.rel1.win32_1.1.100.202309141235/tools/bin/../lib/gcc/arm-none-eabi/11.3.1/../../../../arm-none-eabi/lib/thumb/v7e-m/nofp\libc_nano.a(libc_a-init.o)
 .ARM.attributes
                0x00000000000001dd       0x1e D:/ST/STM32CubeIDE_1.14.0/STM32CubeIDE/plugins/com.st.stm32cube.ide.mcu.externaltools.gnu-tools-for-stm32.11.3.rel1.win32_1.1.100.202309141235/tools/bin/../lib/gcc/arm-none-eabi/11.3.1/thumb/v7e-m/nofp/crtn.o
OUTPUT(UART_MINI_DEBUGGER.elf elf32-littlearm)
LOAD linker stubs
LOAD D:/ST/STM32CubeIDE_1.14.0/STM32CubeIDE/plugins/com.st.stm32cube.ide.mcu.externaltools.gnu-tools-for-stm32.11.3.rel1.win32_1.1.100.202309141235/tools/bin/../lib/gcc/arm-none-eabi/11.3.1/../../../../arm-none-eabi/lib/thumb/v7e-m/nofp\libc.a
LOAD D:/ST/STM32CubeIDE_1.14.0/STM32CubeIDE/plugins/com.st.stm32cube.ide.mcu.externaltools.gnu-tools-for-stm32.11.3.rel1.win32_1.1.100.202309141235/tools/bin/../lib/gcc/arm-none-eabi/11.3.1/../../../../arm-none-eabi/lib/thumb/v7e-m/nofp\libm.a
LOAD D:/ST/STM32CubeIDE_1.14.0/STM32CubeIDE/plugins/com.st.stm32cube.ide.mcu.externaltools.gnu-tools-for-stm32.11.3.rel1.win32_1.1.100.202309141235/tools/bin/../lib/gcc/arm-none-eabi/11.3.1/thumb/v7e-m/nofp\libgcc.a

.comment        0x0000000000000000       0x43
 .comment       0x0000000000000000       0x43 D:/ST/STM32CubeIDE_1.14.0/STM32CubeIDE/plugins/com.st.stm32cube.ide.mcu.externaltools.gnu-tools-for-stm32.11.3.rel1.win32_1.1.100.202309141235/tools/bin/../lib/gcc/arm-none-eabi/11.3.1/thumb/v7e-m/nofp/crtbegin.o
                                         0x44 (size before relaxing)
 .comment       0x0000000000000043       0x44 ./Driver/Src/debug_handler.o
 .comment       0x0000000000000043       0x44 ./Driver/Src/get_register_data.o
 .comment       0x0000000000000043       0x44 ./Driver/Src/gpio.o
 .comment       0x0000000000000043       0x44 ./Driver/Src/memory_dump.o
 .comment       0x0000000000000043       0x44 ./Driver/Src/peripheral_clock.o
 .comment       0x0000000000000043       0x44 ./Driver/Src/uart.o
 .comment       0x0000000000000043       0x44 ./Src/main.o

.debug_info     0x0000000000000000     0x10c9
 .debug_info    0x0000000000000000      0x182 ./Driver/Src/debug_handler.o
 .debug_info    0x0000000000000182       0xfe ./Driver/Src/get_register_data.o
 .debug_info    0x0000000000000280      0x400 ./Driver/Src/gpio.o
 .debug_info    0x0000000000000680      0x222 ./Driver/Src/memory_dump.o
 .debug_info    0x00000000000008a2      0x310 ./Driver/Src/peripheral_clock.o
 .debug_info    0x0000000000000bb2      0x258 ./Driver/Src/uart.o
 .debug_info    0x0000000000000e0a      0x29c ./Src/main.o
 .debug_info    0x00000000000010a6       0x23 ./Startup/startup_stm32f407vgtx.o

.debug_abbrev   0x0000000000000000      0x6fd
 .debug_abbrev  0x0000000000000000       0xf4 ./Driver/Src/debug_handler.o
 .debug_abbrev  0x00000000000000f4       0x8b ./Driver/Src/get_register_data.o
 .debug_abbrev  0x000000000000017f      0x101 ./Driver/Src/gpio.o
 .debug_abbrev  0x0000000000000280      0x105 ./Driver/Src/memory_dump.o
 .debug_abbrev  0x0000000000000385       0xe3 ./Driver/Src/peripheral_clock.o
 .debug_abbrev  0x0000000000000468      0x127 ./Driver/Src/uart.o
 .debug_abbrev  0x000000000000058f      0x15c ./Src/main.o
 .debug_abbrev  0x00000000000006eb       0x12 ./Startup/startup_stm32f407vgtx.o

.debug_aranges  0x0000000000000000      0x158
 .debug_aranges
                0x0000000000000000       0x20 ./Driver/Src/debug_handler.o
 .debug_aranges
                0x0000000000000020       0x30 ./Driver/Src/get_register_data.o
 .debug_aranges
                0x0000000000000050       0x30 ./Driver/Src/gpio.o
 .debug_aranges
                0x0000000000000080       0x20 ./Driver/Src/memory_dump.o
 .debug_aranges
                0x00000000000000a0       0x28 ./Driver/Src/peripheral_clock.o
 .debug_aranges
                0x00000000000000c8       0x40 ./Driver/Src/uart.o
 .debug_aranges
                0x0000000000000108       0x28 ./Src/main.o
 .debug_aranges
                0x0000000000000130       0x28 ./Startup/startup_stm32f407vgtx.o

.debug_rnglists
                0x0000000000000000       0xe0
 .debug_rnglists
                0x0000000000000000       0x13 ./Driver/Src/debug_handler.o
 .debug_rnglists
                0x0000000000000013       0x1f ./Driver/Src/get_register_data.o
 .debug_rnglists
                0x0000000000000032       0x22 ./Driver/Src/gpio.o
 .debug_rnglists
                0x0000000000000054       0x14 ./Driver/Src/memory_dump.o
 .debug_rnglists
                0x0000000000000068       0x1a ./Driver/Src/peripheral_clock.o
 .debug_rnglists
                0x0000000000000082       0x2b ./Driver/Src/uart.o
 .debug_rnglists
                0x00000000000000ad       0x1a ./Src/main.o
 .debug_rnglists
                0x00000000000000c7       0x19 ./Startup/startup_stm32f407vgtx.o

.debug_macro    0x0000000000000000     0x22a4
 .debug_macro   0x0000000000000000       0x98 ./Driver/Src/debug_handler.o
 .debug_macro   0x0000000000000098      0xaa8 ./Driver/Src/debug_handler.o
 .debug_macro   0x0000000000000b40       0x22 ./Driver/Src/debug_handler.o
 .debug_macro   0x0000000000000b62       0x22 ./Driver/Src/debug_handler.o
 .debug_macro   0x0000000000000b84       0x8e ./Driver/Src/debug_handler.o
 .debug_macro   0x0000000000000c12       0x51 ./Driver/Src/debug_handler.o
 .debug_macro   0x0000000000000c63      0x103 ./Driver/Src/debug_handler.o
 .debug_macro   0x0000000000000d66       0x6a ./Driver/Src/debug_handler.o
 .debug_macro   0x0000000000000dd0      0x1df ./Driver/Src/debug_handler.o
 .debug_macro   0x0000000000000faf      0x1f1 ./Driver/Src/debug_handler.o
 .debug_macro   0x00000000000011a0       0x6d ./Driver/Src/get_register_data.o
 .debug_macro   0x000000000000120d       0xa3 ./Driver/Src/gpio.o
 .debug_macro   0x00000000000012b0       0x9f ./Driver/Src/memory_dump.o
 .debug_macro   0x000000000000134f       0x99 ./Driver/Src/peripheral_clock.o
 .debug_macro   0x00000000000013e8       0x8f ./Driver/Src/uart.o
 .debug_macro   0x0000000000001477      0x18e ./Src/main.o
 .debug_macro   0x0000000000001605       0x61 ./Src/main.o
 .debug_macro   0x0000000000001666       0x24 ./Src/main.o
 .debug_macro   0x000000000000168a       0x43 ./Src/main.o
 .debug_macro   0x00000000000016cd       0x34 ./Src/main.o
 .debug_macro   0x0000000000001701       0x16 ./Src/main.o
 .debug_macro   0x0000000000001717       0x97 ./Src/main.o
 .debug_macro   0x00000000000017ae      0x369 ./Src/main.o
 .debug_macro   0x0000000000001b17       0xfd ./Src/main.o
 .debug_macro   0x0000000000001c14       0x10 ./Src/main.o
 .debug_macro   0x0000000000001c24       0x16 ./Src/main.o
 .debug_macro   0x0000000000001c3a       0x43 ./Src/main.o
 .debug_macro   0x0000000000001c7d       0x34 ./Src/main.o
 .debug_macro   0x0000000000001cb1       0x10 ./Src/main.o
 .debug_macro   0x0000000000001cc1       0x58 ./Src/main.o
 .debug_macro   0x0000000000001d19       0x8e ./Src/main.o
 .debug_macro   0x0000000000001da7       0x1c ./Src/main.o
 .debug_macro   0x0000000000001dc3      0x177 ./Src/main.o
 .debug_macro   0x0000000000001f3a       0x16 ./Src/main.o
 .debug_macro   0x0000000000001f50       0x16 ./Src/main.o
 .debug_macro   0x0000000000001f66      0x147 ./Src/main.o
 .debug_macro   0x00000000000020ad      0x1f7 ./Src/main.o

.debug_line     0x0000000000000000     0x26b7
 .debug_line    0x0000000000000000      0x4d7 ./Driver/Src/debug_handler.o
 .debug_line    0x00000000000004d7      0x4c6 ./Driver/Src/get_register_data.o
 .debug_line    0x000000000000099d      0x561 ./Driver/Src/gpio.o
 .debug_line    0x0000000000000efe      0x58d ./Driver/Src/memory_dump.o
 .debug_line    0x000000000000148b      0x532 ./Driver/Src/peripheral_clock.o
 .debug_line    0x00000000000019bd      0x58f ./Driver/Src/uart.o
 .debug_line    0x0000000000001f4c      0x6f0 ./Src/main.o
 .debug_line    0x000000000000263c       0x7b ./Startup/startup_stm32f407vgtx.o

.debug_str      0x0000000000000000     0x848a
 .debug_str     0x0000000000000000     0x45fb ./Driver/Src/debug_handler.o
                                       0x476c (size before relaxing)
 .debug_str     0x00000000000045fb       0x6e ./Driver/Src/get_register_data.o
                                       0x3d2f (size before relaxing)
 .debug_str     0x0000000000004669      0x20a ./Driver/Src/gpio.o
                                       0x48be (size before relaxing)
 .debug_str     0x0000000000004873       0xbc ./Driver/Src/memory_dump.o
                                       0x4785 (size before relaxing)
 .debug_str     0x000000000000492f       0x90 ./Driver/Src/peripheral_clock.o
                                       0x4837 (size before relaxing)
 .debug_str     0x00000000000049bf       0x66 ./Driver/Src/uart.o
                                       0x477f (size before relaxing)
 .debug_str     0x0000000000004a25     0x3a36 ./Src/main.o
                                       0x826c (size before relaxing)
 .debug_str     0x000000000000845b       0x2f ./Startup/startup_stm32f407vgtx.o
                                         0x79 (size before relaxing)

.debug_frame    0x0000000000000000      0x308
 .debug_frame   0x0000000000000000       0x34 ./Driver/Src/debug_handler.o
 .debug_frame   0x0000000000000034       0x88 ./Driver/Src/get_register_data.o
 .debug_frame   0x00000000000000bc       0x7c ./Driver/Src/gpio.o
 .debug_frame   0x0000000000000138       0x34 ./Driver/Src/memory_dump.o
 .debug_frame   0x000000000000016c       0x54 ./Driver/Src/peripheral_clock.o
 .debug_frame   0x00000000000001c0       0xc4 ./Driver/Src/uart.o
 .debug_frame   0x0000000000000284       0x58 ./Src/main.o
 .debug_frame   0x00000000000002dc       0x2c D:/ST/STM32CubeIDE_1.14.0/STM32CubeIDE/plugins/com.st.stm32cube.ide.mcu.externaltools.gnu-tools-for-stm32.11.3.rel1.win32_1.1.100.202309141235/tools/bin/../lib/gcc/arm-none-eabi/11.3.1/../../../../arm-none-eabi/lib/thumb/v7e-m/nofp\libc_nano.a(libc_a-init.o)

.debug_line_str
                0x0000000000000000       0x6d
 .debug_line_str
                0x0000000000000000       0x6d ./Startup/startup_stm32f407vgtx.o
                                         0x85 (size before relaxing)
